
> rentmaestro@0.1.0 build
> next build

node.exe : ÔÜá `eslint` configuration in next.config.mjs is 
no longer supported. See more info here: https://nextjs.org/d
ocs/app/api-reference/cli/next#next-lint-options
Au caractère Ligne:1 : 1
+ & "C:\Program Files\nodejs/node.exe" "C:\Program 
Files\nodejs/node_mo ...
+ ~~~~~~~~~~~~~~~~~~~~~~~~~~~~~~~~~~~~~~~~~~~~~~~~~~~~~~~~~~~
~~~~~~~~~~
    + CategoryInfo          : NotSpecified: (ÔÜá `eslint` co 
   ...xt-lint-options:String) [], RemoteException
    + FullyQualifiedErrorId : NativeCommandError
 
ÔÜá Invalid next.config.mjs options detected: 
ÔÜá     Unrecognized key(s) in object: 'eslint'
ÔÜá See more info here: 
https://nextjs.org/docs/messages/invalid-next-config
Ôû▓ Next.js 16.1.6 (Turbopack)
- Environments: .env

  Creating an optimized production build ...

> Build error occurred
Error: Turbopack build failed with 1 errors:
./src/app/apartments/[id]/page.module.css:122:14
Parsing CSS source code failed
[0m [90m 120 |[39m }
 [90m 121 |[39m
[31m[1m>[22m[39m[90m 122 |[39m 
font[33m-[39mweight[33m:[39m [35m600[39m[33m;[39m
 [90m     |[39m              [31m[1m^[22m[39m
 [90m 123 |[39m }
 [90m 124 |[39m
 [90m 125 |[39m [33m.[39mtableWrapper {[0m

Invalid token in pseudo element: WhiteSpace(" ")

Import trace:
  Server Component:
    ./src/app/apartments/[id]/page.module.css
    ./src/app/apartments/[id]/page.tsx


    at <unknown> 
(./src/app/apartments/[id]/page.module.css:122:14)
